#
# There is insufficient memory for the Java Runtime Environment to continue.
# Native memory allocation (mmap) failed to map 266338304 bytes. Error detail: G1 virtual space
# Possible reasons:
#   The system is out of physical RAM or swap space
#   This process is running with CompressedOops enabled, and the Java Heap may be blocking the growth of the native heap
# Possible solutions:
#   Reduce memory load on the system
#   Increase physical memory or swap space
#   Check if swap backing store is full
#   Decrease Java heap size (-Xmx/-Xms)
#   Decrease number of Java threads
#   Decrease Java thread stack sizes (-Xss)
#   Set larger code cache with -XX:ReservedCodeCacheSize=
#   JVM is running with Zero Based Compressed Oops mode in which the Java heap is
#     placed in the first 32GB address space. The Java Heap base address is the
#     maximum limit for the native heap growth. Please use -XX:HeapBaseMinAddress
#     to set the Java Heap base and to place the Java Heap above 32GB virtual address.
# This output file may be truncated or incomplete.
#
#  Out of Memory Error (os_windows.cpp:3815), pid=6596, tid=19340
#
# JRE version:  (21.0.3) (build )
# Java VM: OpenJDK 64-Bit Server VM (21.0.3+-12282718-b509.11, mixed mode, sharing, tiered, compressed oops, compressed class ptrs, g1 gc, windows-amd64)
# No core dump will be written. Minidumps are not enabled by default on client versions of Windows
#

---------------  S U M M A R Y ------------

Command Line: git4idea.http.GitAskPassApp Username for 'https://github.com': 

Host: 12th Gen Intel(R) Core(TM) i5-12400F, 12 cores, 15G,  Windows 10 , 64 bit Build 19041 (10.0.19041.5915)
Time: Fri Jul 25 18:08:34 2025  Windows 10 , 64 bit Build 19041 (10.0.19041.5915) elapsed time: 0.009046 seconds (0d 0h 0m 0s)

---------------  T H R E A D  ---------------

Current thread (0x000001e3dbd8b860):  JavaThread "Unknown thread" [_thread_in_vm, id=19340, stack(0x0000002f60d00000,0x0000002f60e00000) (1024K)]

Stack: [0x0000002f60d00000,0x0000002f60e00000]
Native frames: (J=compiled Java code, j=interpreted, Vv=VM code, C=native code)
V  [jvm.dll+0x6cafb9]
V  [jvm.dll+0x858523]
V  [jvm.dll+0x85aa7e]
V  [jvm.dll+0x85b163]
V  [jvm.dll+0x27d356]
V  [jvm.dll+0x6c7865]
V  [jvm.dll+0x6bbd3a]
V  [jvm.dll+0x35199b]
V  [jvm.dll+0x3595d6]
V  [jvm.dll+0x3aa826]
V  [jvm.dll+0x3aaaf8]
V  [jvm.dll+0x3240bc]
V  [jvm.dll+0x324dab]
V  [jvm.dll+0x81fd89]
V  [jvm.dll+0x3b7c08]
V  [jvm.dll+0x80921d]
V  [jvm.dll+0x44c05e]
V  [jvm.dll+0x44d6b1]
C  [jli.dll+0x52ab]
C  [ucrtbase.dll+0x21bb2]
C  [KERNEL32.DLL+0x17374]
C  [ntdll.dll+0x4cc91]


---------------  P R O C E S S  ---------------

Threads class SMR info:
_java_thread_list=0x00007ffa597057c8, length=0, elements={
}

Java Threads: ( => current thread )
Total: 0

Other Threads:
  0x000001e3dbfffe80 WorkerThread "GC Thread#0"                     [id=5844, stack(0x0000002f60e00000,0x0000002f60f00000) (1024K)]
  0x000001e3dc010d50 ConcurrentGCThread "G1 Main Marker"            [id=18584, stack(0x0000002f60f00000,0x0000002f61000000) (1024K)]
  0x000001e3dc011ff0 WorkerThread "G1 Conc#0"                       [id=14032, stack(0x0000002f61000000,0x0000002f61100000) (1024K)]

[error occurred during error reporting (printing all threads), id 0xc0000005, EXCEPTION_ACCESS_VIOLATION (0xc0000005) at pc=0x00007ffa58f07197]
VM state: not at safepoint (not fully initialized)

VM Mutex/Monitor currently owned by a thread:  ([mutex/lock_event])
[0x00007ffa597721c8] Heap_lock - owner thread: 0x000001e3dbd8b860

Heap address: 0x0000000702800000, size: 4056 MB, Compressed Oops mode: Zero based, Oop shift amount: 3

CDS archive(s) mapped at: [0x0000000000000000-0x0000000000000000-0x0000000000000000), size 0, SharedBaseAddress: 0x0000000800000000, ArchiveRelocationMode: 1.
Narrow klass base: 0x0000000000000000, Narrow klass shift: 0, Narrow klass range: 0x0

GC Precious Log:
 CardTable entry size: 512
 Card Set container configuration: InlinePtr #cards 4 size 8 Array Of Cards #cards 16 size 48 Howl #buckets 8 coarsen threshold 3686 Howl Bitmap #cards 512 size 80 coarsen threshold 460 Card regions per heap region 1 cards per card region 4096

Heap:
 garbage-first heap   total 0K, used 0K [0x0000000702800000, 0x0000000800000000)
  region size 2048K, 0 young (0K), 0 survivors (0K)
 Metaspace       used 0K, committed 0K, reserved 0K
  class space    used 0K, committed 0K, reserved 0K

Heap Regions: E=young(eden), S=young(survivor), O=old, HS=humongous(starts), HC=humongous(continues), CS=collection set, F=free, TAMS=top-at-mark-start, PB=parsable bottom

Card table byte_map: [0x000001e3f0d60000,0x000001e3f1550000] _byte_map_base: 0x000001e3ed54c000

Marking Bits: (CMBitMap*) 0x000001e3dc000580
 Bits: [0x000001e3f1550000, 0x000001e3f54b0000)

GC Heap History (0 events):
No events

Dll operation events (1 events):
Event: 0.005 Loaded shared library D:\App\Android\jbr\bin\java.dll

Deoptimization events (0 events):
No events

Classes loaded (0 events):
No events

Classes unloaded (0 events):
No events

Classes redefined (0 events):
No events

Internal exceptions (0 events):
No events

ZGC Phase Switch (0 events):
No events

VM Operations (0 events):
No events

Events (0 events):
No events


Dynamic libraries:
0x00007ff61e7d0000 - 0x00007ff61e7da000 	D:\App\Android\jbr\bin\java.exe
0x00007ffae0d50000 - 0x00007ffae0f48000 	C:\Windows\SYSTEM32\ntdll.dll
0x00007ffadee00000 - 0x00007ffadeec2000 	C:\Windows\System32\KERNEL32.DLL
0x00007ffade7a0000 - 0x00007ffadea96000 	C:\Windows\System32\KERNELBASE.dll
0x00007ffade3e0000 - 0x00007ffade4e0000 	C:\Windows\System32\ucrtbase.dll
0x00007ffad9d80000 - 0x00007ffad9d9b000 	D:\App\Android\jbr\bin\VCRUNTIME140.dll
0x00007ffabf430000 - 0x00007ffabf448000 	D:\App\Android\jbr\bin\jli.dll
0x00007ffadef30000 - 0x00007ffadf0cd000 	C:\Windows\System32\USER32.dll
0x00007ffadeaa0000 - 0x00007ffadeac2000 	C:\Windows\System32\win32u.dll
0x00007ffadf1a0000 - 0x00007ffadf1cb000 	C:\Windows\System32\GDI32.dll
0x00007ffadec50000 - 0x00007ffaded69000 	C:\Windows\System32\gdi32full.dll
0x00007ffadebb0000 - 0x00007ffadec4d000 	C:\Windows\System32\msvcp_win.dll
0x00007ffadd780000 - 0x00007ffadda1a000 	C:\Windows\WinSxS\amd64_microsoft.windows.common-controls_6595b64144ccf1df_6.0.19041.5915_none_60b4b9d171f9c7c7\COMCTL32.dll
0x00007ffadf940000 - 0x00007ffadf9de000 	C:\Windows\System32\msvcrt.dll
0x00007ffae0bf0000 - 0x00007ffae0c1f000 	C:\Windows\System32\IMM32.DLL
0x00007ffad9d70000 - 0x00007ffad9d7c000 	D:\App\Android\jbr\bin\vcruntime140_1.dll
0x00007ffaa46f0000 - 0x00007ffaa477d000 	D:\App\Android\jbr\bin\msvcp140.dll
0x00007ffa58bd0000 - 0x00007ffa5984d000 	D:\App\Android\jbr\bin\server\jvm.dll
0x00007ffadf0d0000 - 0x00007ffadf181000 	C:\Windows\System32\ADVAPI32.dll
0x00007ffadfb90000 - 0x00007ffadfc2f000 	C:\Windows\System32\sechost.dll
0x00007ffadfa00000 - 0x00007ffadfb23000 	C:\Windows\System32\RPCRT4.dll
0x00007ffadead0000 - 0x00007ffadeaf7000 	C:\Windows\System32\bcrypt.dll
0x00007ffadfec0000 - 0x00007ffadff2b000 	C:\Windows\System32\WS2_32.dll
0x00007ffaddfd0000 - 0x00007ffade01b000 	C:\Windows\SYSTEM32\POWRPROF.dll
0x00007ffad5890000 - 0x00007ffad58b7000 	C:\Windows\SYSTEM32\WINMM.dll
0x00007ffad5880000 - 0x00007ffad588a000 	C:\Windows\SYSTEM32\VERSION.dll
0x00007ffaddb10000 - 0x00007ffaddb22000 	C:\Windows\SYSTEM32\UMPDC.dll
0x00007ffadc580000 - 0x00007ffadc592000 	C:\Windows\SYSTEM32\kernel.appcore.dll
0x00007ffad9d30000 - 0x00007ffad9d3a000 	D:\App\Android\jbr\bin\jimage.dll
0x00007ffadddc0000 - 0x00007ffaddfc1000 	C:\Windows\SYSTEM32\DBGHELP.DLL
0x00007ffaddb50000 - 0x00007ffaddb84000 	C:\Windows\SYSTEM32\dbgcore.DLL
0x00007ffade710000 - 0x00007ffade792000 	C:\Windows\System32\bcryptPrimitives.dll
0x00007ffad9d10000 - 0x00007ffad9d2f000 	D:\App\Android\jbr\bin\java.dll

dbghelp: loaded successfully - version: 4.0.5 - missing functions: none
symbol engine: initialized successfully - sym options: 0x614 - pdb path: .;D:\App\Android\jbr\bin;C:\Windows\SYSTEM32;C:\Windows\WinSxS\amd64_microsoft.windows.common-controls_6595b64144ccf1df_6.0.19041.5915_none_60b4b9d171f9c7c7;D:\App\Android\jbr\bin\server

VM Arguments:
java_command: git4idea.http.GitAskPassApp Username for 'https://github.com': 
java_class_path (initial): D:/App/Android/plugins/vcs-git/lib/git4idea-rt.jar;D:/App/Android/lib/externalProcess-rt.jar
Launcher Type: SUN_STANDARD

[Global flags]
     intx CICompilerCount                          = 4                                         {product} {ergonomic}
     uint ConcGCThreads                            = 3                                         {product} {ergonomic}
     uint G1ConcRefinementThreads                  = 10                                        {product} {ergonomic}
   size_t G1HeapRegionSize                         = 2097152                                   {product} {ergonomic}
    uintx GCDrainStackTargetSize                   = 64                                        {product} {ergonomic}
   size_t InitialHeapSize                          = 266338304                                 {product} {ergonomic}
   size_t MarkStackSize                            = 4194304                                   {product} {ergonomic}
   size_t MaxHeapSize                              = 4253024256                                {product} {ergonomic}
   size_t MinHeapDeltaBytes                        = 2097152                                   {product} {ergonomic}
   size_t MinHeapSize                              = 8388608                                   {product} {ergonomic}
    uintx NonNMethodCodeHeapSize                   = 5839372                                {pd product} {ergonomic}
    uintx NonProfiledCodeHeapSize                  = 122909434                              {pd product} {ergonomic}
    uintx ProfiledCodeHeapSize                     = 122909434                              {pd product} {ergonomic}
    uintx ReservedCodeCacheSize                    = 251658240                              {pd product} {ergonomic}
     bool SegmentedCodeCache                       = true                                      {product} {ergonomic}
   size_t SoftMaxHeapSize                          = 4253024256                             {manageable} {ergonomic}
     bool UseCompressedOops                        = true                           {product lp64_product} {ergonomic}
     bool UseG1GC                                  = true                                      {product} {ergonomic}
     bool UseLargePagesIndividualAllocation        = false                                  {pd product} {ergonomic}

Logging:
Log output configuration:
 #0: stdout all=warning uptime,level,tags foldmultilines=false
 #1: stderr all=off uptime,level,tags foldmultilines=false

Environment Variables:
JAVA_HOME=D:\jdk-17
PATH=D:/App/Git/mingw64/libexec/git-core;D:/App/Git/mingw64/libexec/git-core;D:\App\Git\mingw64\bin;D:\App\Git\usr\bin;C:\Users\Administrator\bin;C:\Program Files\Common Files\Oracle\Java\javapath;C:\Program Files\YunShu;c:\windows\system32;c:\windows;c:\windows\system32\wbem;c:\windows\system32\windowspowershell\v1.0\;c:\windows\system32\openssh\;c:\program files\nvidia corporation\nvidia nvdlisr;D:\App\Git\cmd;D:\settings\nvm;C:\Program Files\nodejs;C:\Program Files\nodejs\;C:\Program Files\dotnet\;D:\jdk-17\bin;C:\Users\Administrator\AppData\Local\Microsoft\WindowsApps;D:\App\Microsoft VS Code\bin;D:\settings\nvm;C:\Program Files\nodejs;C:\Users\Administrator\.tuya-panel-cli\bin
USERNAME=Administrator
DISPLAY=:0.0
LC_ALL=en_US.UTF-8
TERM=xterm-256color
TMPDIR=C:\Users\ADMINI~1\AppData\Local\Temp
OS=Windows_NT
PROCESSOR_IDENTIFIER=Intel64 Family 6 Model 151 Stepping 2, GenuineIntel
TMP=C:\Users\ADMINI~1\AppData\Local\Temp
TEMP=C:\Users\ADMINI~1\AppData\Local\Temp




Periodic native trim disabled

JNI global refs:
JNI global refs: 0, weak refs: 0

JNI global refs memory usage: 0, weak refs: 0

Process memory usage:
Resident Set Size: 10912K (0% of 16612288K total physical memory with 786540K free physical memory)

OOME stack traces (most recent first):
Classloader memory used:

---------------  S Y S T E M  ---------------

OS:
 Windows 10 , 64 bit Build 19041 (10.0.19041.5915)
OS uptime: 0 days 1:44 hours

CPU: total 12 (initial active 12) (6 cores per cpu, 2 threads per core) family 6 model 151 stepping 2 microcode 0x32, cx8, cmov, fxsr, ht, mmx, 3dnowpref, sse, sse2, sse3, ssse3, sse4.1, sse4.2, popcnt, lzcnt, tsc, tscinvbit, avx, avx2, aes, erms, clmul, bmi1, bmi2, adx, sha, fma, vzeroupper, clflush, clflushopt, clwb, serialize, rdtscp, rdpid, fsrm, f16c, pku, cet_ibt, cet_ss
Processor Information for all 12 processors :
  Max Mhz: 2500, Current Mhz: 2500, Mhz Limit: 2500

Memory: 4k page, system-wide physical 16222M (768M free)
TotalPageFile size 29023M (AvailPageFile size 66M)
current process WorkingSet (physical memory assigned to process): 10M, peak: 10M
current process commit charge ("private bytes"): 64M, peak: 318M

vm_info: OpenJDK 64-Bit Server VM (21.0.3+-12282718-b509.11) for windows-amd64 JRE (21.0.3+-12282718-b509.11), built on 2024-08-27T17:34:15Z by "builder" with MS VC++ 16.10 / 16.11 (VS2019)

END.
